[2026-09-25T07:11:16Z] === ENRICH ITERATION 2 START | repo=tim-osterhus/millrace sha=b699ffe3 ===
[2026-09-25T07:11:16Z] [iter=2] PHASE START: enrich repo=tim-osterhus/millrace sha=b699ffe3 runlog=/home/runner/work/forx/forx/storage/aggregate/lsp/logs/b699ffe3-enrich-iter-002.log output=/home/runner/work/forx/forx/storage/aggregate/lsp/b699ffe3e7dd8a39dc5ce0ca149d469149609257.nq.gz
[2026-09-25T07:11:16Z] [iter=2] Step 1: Loading AST into disk-backed store mem_mb=78 MB
[2026-09-25T07:13:47Z] [iter=2] AST store loaded triples=8832103 load_secs=148 mem_mb=1073 MB
[2026-09-25T07:13:47Z] [iter=2] Step 2: Finding LSP targets mem_mb=1073 MB
[2026-09-25T07:13:52Z] [iter=2] LSP targets found call_sites=59249 imports=4439 extends=194 implements=0 secs=5
[2026-09-25T07:13:55Z] [iter=2] Loaded checkpoint partial graph triples=87356
[2026-09-25T07:13:57Z] [iter=2] Step 2.7: Building position index (one-shot, shared across resolvers) mem_mb=1073 MB
[2026-09-25T07:14:33Z] [iter=2] Position index built positions=609936 nodes_with_types=793353 secs=36 mem_mb=1737 MB
[2026-09-25T07:14:33Z] [iter=2] Step 3: Starting LSP resolution mem_mb=1737 MB already_completed_types=[] already_completed_files=31
[2026-09-25T07:14:33Z] [iter=2] Resolving target type target_type=call_site count=59249
[2026-09-25T07:14:34Z] [iter=2] HEARTBEAT target_type=call_site elapsed_min=3.3 files_done=0 resolved=0 errors=0 current=tests/cli/test_cli_daemon_loop.py
[2026-09-25T07:29:19Z] [iter=2] HEARTBEAT target_type=call_site elapsed_min=18.0 files_done=1 resolved=38 errors=406 current=tests/contracts/test_workflow_package_manifest.py
[2026-09-25T07:33:12Z] [iter=2] HEARTBEAT target_type=call_site elapsed_min=21.9 files_done=2 resolved=110 errors=514 current=tests/compiler/test_workflow_package_fingerprints.py
[2026-09-25T07:35:55Z] [iter=2] HEARTBEAT target_type=call_site elapsed_min=24.6 files_done=3 resolved=124 errors=589 current=src/millrace/operator/packages.py
[2026-09-25T07:42:57Z] [iter=2] HEARTBEAT target_type=call_site elapsed_min=31.7 files_done=4 resolved=200 errors=784 current=tests/cli/test_cli_native_control_aftermath.py
[2026-09-25T07:44:14Z] [iter=2] HEARTBEAT target_type=call_site elapsed_min=33.0 files_done=5 resolved=383 errors=818 current=src/millrace/compiler/package_selection.py
[2026-09-25T07:48:49Z] [iter=2] HEARTBEAT target_type=call_site elapsed_min=37.6 files_done=6 resolved=501 errors=944 current=tests/adapters/test_session_cancellation.py
[2026-09-25T07:52:53Z] [iter=2] HEARTBEAT target_type=call_site elapsed_min=41.6 files_done=7 resolved=609 errors=1054 current=src/millrace/contracts/schema.py
[2026-09-25T07:58:06Z] [iter=2] HEARTBEAT target_type=call_site elapsed_min=46.8 files_done=8 resolved=817 errors=1198 current=tests/guardrails/test_lad_planning_compatibility_refusal.py
[2026-09-25T07:59:04Z] [iter=2] HEARTBEAT target_type=call_site elapsed_min=47.8 files_done=9 resolved=881 errors=1225 current=tests/adapters/test_millforge_adapter.py
[2026-09-25T08:14:34Z] [iter=2] HEARTBEAT target_type=call_site elapsed_min=63.3 files_done=10 resolved=1214 errors=1652 current=src/millrace/contracts/context_checkout.py
[2026-09-25T08:19:37Z] [iter=2] HEARTBEAT target_type=call_site elapsed_min=68.3 files_done=11 resolved=1446 errors=1794 current=src/millrace/kernel/mutations.py
[2026-09-25T08:33:18Z] [iter=2] HEARTBEAT target_type=call_site elapsed_min=82.0 files_done=12 resolved=1709 errors=2174 current=tests/adapters/test_session_completion.py
[2026-09-25T08:38:51Z] [iter=2] HEARTBEAT target_type=call_site elapsed_min=87.6 files_done=13 resolved=1837 errors=2326 current=tests/kernel/test_transition_characterization.py
[2026-09-25T08:40:55Z] [iter=2] HEARTBEAT target_type=call_site elapsed_min=89.6 files_done=14 resolved=1872 errors=2383 current=tests/substrate/test_runner_session_events.py
[2026-09-25T08:41:54Z] [iter=2] HEARTBEAT target_type=call_site elapsed_min=90.6 files_done=15 resolved=1932 errors=2409 current=src/millrace/contracts/transition.py
[2026-09-25T08:46:46Z] [iter=2] HEARTBEAT target_type=call_site elapsed_min=95.5 files_done=16 resolved=2188 errors=2544 current=src/millrace/adapters/cli/daemon_control.py
[2026-09-25T08:49:37Z] [iter=2] HEARTBEAT target_type=call_site elapsed_min=98.4 files_done=17 resolved=2261 errors=2624 current=src/millrace/adapters/cli/context_writeback.py
[2026-09-25T08:53:58Z] [iter=2] HEARTBEAT target_type=call_site elapsed_min=102.7 files_done=18 resolved=2451 errors=2745 current=tests/cli/test_cli_daemon_control.py
[2026-09-25T08:57:08Z] [iter=2] HEARTBEAT target_type=call_site elapsed_min=105.9 files_done=19 resolved=2579 errors=2831 current=tests/substrate/test_runner_session_corruption.py
[2026-09-25T08:58:39Z] [iter=2] HEARTBEAT target_type=call_site elapsed_min=107.4 files_done=20 resolved=2592 errors=2872 current=src/millrace/kernel/joins.py
[2026-09-25T08:59:45Z] [iter=2] HEARTBEAT target_type=call_site elapsed_min=108.5 files_done=21 resolved=2615 errors=2903 current=tests/kernel/test_lifecycle_reconciliation.py
[2026-09-25T09:12:07Z] [iter=2] HEARTBEAT target_type=call_site elapsed_min=120.8 files_done=22 resolved=2787 errors=3248 current=tests/compiler/test_compiled_plan_export.py
[2026-09-25T09:16:07Z] [iter=2] HEARTBEAT target_type=call_site elapsed_min=124.8 files_done=23 resolved=2968 errors=3360 current=tests/operator/test_dispatch_projection.py
[2026-09-25T09:21:04Z] [iter=2] HEARTBEAT target_type=call_site elapsed_min=129.8 files_done=24 resolved=3167 errors=3497 current=src/millrace/adapters/runner_contract.py
[2026-09-25T09:27:00Z] [iter=2] HEARTBEAT target_type=call_site elapsed_min=135.7 files_done=25 resolved=3406 errors=3662 current=src/millrace/adapters/cli/queue.py
[2026-09-25T09:28:45Z] [iter=2] HEARTBEAT target_type=call_site elapsed_min=137.5 files_done=26 resolved=3453 errors=3711 current=src/millrace/kernel/fanout_policy.py
[2026-09-25T09:31:15Z] [iter=2] HEARTBEAT target_type=call_site elapsed_min=140.0 files_done=27 resolved=3588 errors=3781 current=src/millrace/adapters/cli/daemon.py
[2026-09-25T09:39:20Z] [iter=2] HEARTBEAT target_type=call_site elapsed_min=148.1 files_done=28 resolved=3732 errors=4006 current=src/millrace/adapters/cli/context_checkout.py
[2026-09-25T09:59:41Z] [iter=2] HEARTBEAT target_type=call_site elapsed_min=168.4 files_done=29 resolved=4308 errors=4572 current=tests/kernel/test_runner_session_context.py
[2026-09-25T10:01:05Z] [iter=2] HEARTBEAT target_type=call_site elapsed_min=169.8 files_done=30 resolved=4352 errors=4611 current=tests/adapters/test_session_coordinator.py
[2026-09-25T10:05:52Z] [iter=2] HEARTBEAT target_type=call_site elapsed_min=174.6 files_done=31 resolved=4506 errors=4742 current=tests/substrate/test_persistence_atomicity.py
[2026-09-25T10:08:52Z] [iter=2] HEARTBEAT target_type=call_site elapsed_min=177.6 files_done=32 resolved=4561 errors=4826 current=tests/kernel/test_runner_session_lifecycle.py
[2026-09-25T10:09:37Z] [iter=2] HEARTBEAT target_type=call_site elapsed_min=178.3 files_done=33 resolved=4584 errors=4847 current=tests/substrate/test_lifecycle_reconciliation_restart.py
[2026-09-25T10:14:59Z] [iter=2] HEARTBEAT target_type=call_site elapsed_min=183.7 files_done=34 resolved=4642 errors=4999 current=src/millrace/compiler/compile.py
[2026-09-25T10:16:33Z] [iter=2] HEARTBEAT target_type=call_site elapsed_min=185.3 files_done=35 resolved=4651 errors=5043 current=tests/operator/test_workflow_package_active_pin_status.py
[2026-09-25T10:18:05Z] [iter=2] HEARTBEAT target_type=call_site elapsed_min=186.8 files_done=36 resolved=4657 errors=5086 current=src/millrace/substrate/_sqlite_load.py
[2026-09-25T10:27:35Z] [iter=2] HEARTBEAT target_type=call_site elapsed_min=196.3 files_done=37 resolved=4785 errors=5351 current=tests/operator/test_prompt_materialization.py
[2026-09-25T10:31:18Z] [iter=2] HEARTBEAT target_type=call_site elapsed_min=200.0 files_done=38 resolved=4820 errors=5454 current=tests/support/generic_lifecycle.py
[2026-09-25T10:39:21Z] [iter=2] HEARTBEAT target_type=call_site elapsed_min=208.1 files_done=39 resolved=4995 errors=5678 current=src/millrace/adapters/millforge.py
[2026-09-25T10:48:56Z] [iter=2] HEARTBEAT target_type=call_site elapsed_min=217.7 files_done=40 resolved=5410 errors=5945 current=src/millrace/kernel/decision.py
[2026-09-25T11:11:12Z] [iter=2] HEARTBEAT target_type=call_site elapsed_min=239.9 files_done=41 resolved=5925 errors=6569 current=src/millrace/compiler/terminal_actions.py
[2026-09-25T11:11:21Z] [iter=2] CHECKPOINT TRIGGERED elapsed_min=240.1 files_completed=72 new_files_this_iter=41 mem_mb=1821 MB
[2026-09-25T11:11:21Z] [iter=2] Writing partial enrichment graph path=/home/runner/work/forx/forx/storage/aggregate/lsp/b699ffe3e7dd8a39dc5ce0ca149d469149609257.nq.gz triples=156723
[2026-09-25T11:11:23Z] [iter=2] Checkpoint written, exiting with code 7
[2026-09-25T11:11:23Z] [iter=2] PHASE END: enrich (checkpointed) elapsed_s=14405 elapsed_min=240.1 files_completed=72
